[    0.000000] Linux version 4.15.0-212-generic (buildd@lcy02-amd64-083) (gcc version 7.5.0 (Ubuntu 7.5.0-3ubuntu1~18.04)) #223-Ubuntu SMP Tue May 23 13:09:22 UTC 2023 (Ubuntu 4.15.0-212.223-generic 4.15.18)
[    0.000000] Command line: BOOT_IMAGE=/boot/vmlinuz-4.15.0-212-generic root=LABEL=cloudimg-rootfs ro console=tty1 console=ttyS0
[    0.000000] KERNEL supported cpus:
[    0.000000]   Intel GenuineIntel
[    0.000000]   AMD AuthenticAMD
[    0.000000]   Centaur CentaurHauls
[    0.000000] x86/fpu: Supporting XSAVE feature 0x001: 'x87 floating point registers'
[    0.000000] x86/fpu: Supporting XSAVE feature 0x002: 'SSE registers'
[    0.000000] x86/fpu: Supporting XSAVE feature 0x004: 'AVX registers'
[    0.000000] x86/fpu: xstate_offset[2]:  576, xstate_sizes[2]:  256
[    0.000000] x86/fpu: Enabled xstate features 0x7, context size is 832 bytes, using 'standard' format.
[    0.000000] e820: BIOS-provided physical RAM map:
[    0.000000] BIOS-e820: [mem 0x0000000000000000-0x000000000009fbff] usable
[    0.000000] BIOS-e820: [mem 0x000000000009fc00-0x000000000009ffff] reserved
[    0.000000] BIOS-e820: [mem 0x00000000000f0000-0x00000000000fffff] reserved
[    0.000000] BIOS-e820: [mem 0x0000000000100000-0x000000003ffeffff] usable
[    0.000000] BIOS-e820: [mem 0x000000003fff0000-0x000000003fffffff] ACPI data
[    0.000000] BIOS-e820: [mem 0x00000000fec00000-0x00000000fec00fff] reserved
[    0.000000] BIOS-e820: [mem 0x00000000fee00000-0x00000000fee00fff] reserved
[    0.000000] BIOS-e820: [mem 0x00000000fffc0000-0x00000000ffffffff] reserved
[    0.000000] NX (Execute Disable) protection: active
[    0.000000] SMBIOS 2.5 present.
[    0.000000] DMI: innotek GmbH VirtualBox/VirtualBox, BIOS VirtualBox 12/01/2006
[    0.000000] Hypervisor detected: KVM
[    0.000000] e820: last_pfn = 0x3fff0 max_arch_pfn = 0x400000000
[    0.000000] MTRR: Disabled
[    0.000000] x86/PAT: MTRRs disabled, skipping PAT initialization too.
[    0.000000] CPU MTRRs all blank - virtualized system.
[    0.000000] x86/PAT: Configuration [0-7]: WB  WT  UC- UC  WB  WT  UC- UC  
[    0.000000] found SMP MP-table at [mem 0x0009fff0-0x0009ffff]
[    0.000000] Scanning 1 areas for low memory corruption
[    0.000000] RAMDISK: [mem 0x359cb000-0x36cdcfff]
[    0.000000] ACPI: Early table checksum verification disabled
[    0.000000] ACPI: RSDP 0x00000000000E0000 000024 (v02 VBOX  )
[    0.000000] ACPI: XSDT 0x000000003FFF0030 00003C (v01 VBOX   VBOXXSDT 00000001 ASL  00000061)
[    0.000000] ACPI: FACP 0x000000003FFF00F0 0000F4 (v04 VBOX   VBOXFACP 00000001 ASL  00000061)
[    0.000000] ACPI: DSDT 0x000000003FFF0610 002353 (v02 VBOX   VBOXBIOS 00000002 INTL 20241212)
[    0.000000] ACPI: FACS 0x000000003FFF0200 000040
[    0.000000] ACPI: FACS 0x000000003FFF0200 000040
[    0.000000] ACPI: APIC 0x000000003FFF0240 00005C (v02 VBOX   VBOXAPIC 00000001 ASL  00000061)
[    0.000000] ACPI: SSDT 0x000000003FFF02A0 00036C (v01 VBOX   VBOXCPUT 00000002 INTL 20241212)
[    0.000000] ACPI: Reserving FACP table memory at [mem 0x3fff00f0-0x3fff01e3]
[    0.000000] ACPI: Reserving DSDT table memory at [mem 0x3fff0610-0x3fff2962]
[    0.000000] ACPI: Reserving FACS table memory at [mem 0x3fff0200-0x3fff023f]
[    0.000000] ACPI: Reserving FACS table memory at [mem 0x3fff0200-0x3fff023f]
[    0.000000] ACPI: Reserving APIC table memory at [mem 0x3fff0240-0x3fff029b]
[    0.000000] ACPI: Reserving SSDT table memory at [mem 0x3fff02a0-0x3fff060b]
[    0.000000] No NUMA configuration found
[    0.000000] Faking a node at [mem 0x0000000000000000-0x000000003ffeffff]
[    0.000000] NODE_DATA(0) allocated [mem 0x3ffc5000-0x3ffeffff]
[    0.000000] kvm-clock: cpu 0, msr 0:3ff44001, primary cpu clock
[    0.000000] kvm-clock: Using msrs 4b564d01 and 4b564d00
[    0.000000] kvm-clock: using sched offset of 3932248888 cycles
[    0.000000] clocksource: kvm-clock: mask: 0xffffffffffffffff max_cycles: 0x1cd42e4dffb, max_idle_ns: 881590591483 ns
[    0.000000] Zone ranges:
[    0.000000]   DMA      [mem 0x0000000000001000-0x0000000000ffffff]
[    0.000000]   DMA32    [mem 0x0000000001000000-0x000000003ffeffff]
[    0.000000]   Normal   empty
[    0.000000]   Device   empty
[    0.000000] Movable zone start for each node
[    0.000000] Early memory node ranges
[    0.000000]   node   0: [mem 0x0000000000001000-0x000000000009efff]
[    0.000000]   node   0: [mem 0x0000000000100000-0x000000003ffeffff]
[    0.000000] Reserved but unavailable: 104 pages
[    0.000000] Initmem setup node 0 [mem 0x0000000000001000-0x000000003ffeffff]
[    0.000000] ACPI: PM-Timer IO Port: 0x4008
[    0.000000] IOAPIC[0]: apic_id 2, version 32, address 0xfec00000, GSI 0-23
[    0.000000] ACPI: INT_SRC_OVR (bus 0 bus_irq 0 global_irq 2 dfl dfl)
[    0.000000] ACPI: INT_SRC_OVR (bus 0 bus_irq 9 global_irq 9 low level)
[    0.000000] Using ACPI (MADT) for SMP configuration information
[    0.000000] smpboot: Allowing 2 CPUs, 0 hotplug CPUs
[    0.000000] PM: Registered nosave memory: [mem 0x00000000-0x00000fff]
[    0.000000] PM: Registered nosave memory: [mem 0x0009f000-0x0009ffff]
[    0.000000] PM: Registered nosave memory: [mem 0x000a0000-0x000effff]
[    0.000000] PM: Registered nosave memory: [mem 0x000f0000-0x000fffff]
[    0.000000] e820: [mem 0x40000000-0xfebfffff] available for PCI devices
[    0.000000] Booting paravirtualized kernel on KVM
[    0.000000] clocksource: refined-jiffies: mask: 0xffffffff max_cycles: 0xffffffff, max_idle_ns: 7645519600211568 ns
[    0.000000] setup_percpu: NR_CPUS:8192 nr_cpumask_bits:2 nr_cpu_ids:2 nr_node_ids:1
[    0.000000] percpu: Embedded 50 pages/cpu s167936 r8192 d28672 u1048576
[    0.000000] PV qspinlock hash table entries: 256 (order: 0, 4096 bytes)
[    0.000000] Built 1 zonelists, mobility grouping on.  Total pages: 257913
[    0.000000] Policy zone: DMA32
[    0.000000] Kernel command line: BOOT_IMAGE=/boot/vmlinuz-4.15.0-212-generic root=LABEL=cloudimg-rootfs ro console=tty1 console=ttyS0
[    0.000000] Memory: 982644K/1048120K available (12300K kernel code, 2477K rwdata, 4324K rodata, 2480K init, 2720K bss, 65476K reserved, 0K cma-reserved)
[    0.000000] SLUB: HWalign=64, Order=0-3, MinObjects=0, CPUs=2, Nodes=1
[    0.000000] Kernel/User page tables isolation: enabled
[    0.000000] ftrace: allocating 39508 entries in 155 pages
[    0.004000] Hierarchical RCU implementation.
[    0.004000] 	RCU restricting CPUs from NR_CPUS=8192 to nr_cpu_ids=2.
[    0.004000] 	Tasks RCU enabled.
[    0.004000] RCU: Adjusting geometry for rcu_fanout_leaf=16, nr_cpu_ids=2
[    0.004000] NR_IRQS: 524544, nr_irqs: 440, preallocated irqs: 16
[    0.004000] random: crng init done
[    0.004000] Console: colour VGA+ 80x25
[    0.004000] console [tty1] enabled
[    0.004000] console [ttyS0] enabled
[    0.004000] ACPI: Core revision 20170831
[    0.004000] ACPI: 2 ACPI AML tables successfully acquired and loaded
[    0.004000] APIC: Switch to symmetric I/O mode setup
[    0.004000] x2apic enabled
[    0.004000] Switched APIC routing to physical x2apic.
[    0.004000] ..TIMER: vector=0x30 apic1=0 pin1=2 apic2=-1 pin2=-1
[    0.004000] tsc: Detected 2207.996 MHz processor
[    0.004000] Calibrating delay loop (skipped) preset value.. 4415.99 BogoMIPS (lpj=8831984)
[    0.004010] pid_max: default: 32768 minimum: 301
[    0.008072] Security Framework initialized
[    0.012006] Yama: becoming mindful.
[    0.014169] AppArmor: AppArmor initialized
[    0.020068] Dentry cache hash table entries: 131072 (order: 8, 1048576 bytes)
[    0.024119] Inode-cache hash table entries: 65536 (order: 7, 524288 bytes)
[    0.028029] Mount-cache hash table entries: 2048 (order: 2, 16384 bytes)
[    0.032017] Mountpoint-cache hash table entries: 2048 (order: 2, 16384 bytes)
[    0.036566] Last level iTLB entries: 4KB 64, 2MB 8, 4MB 8
[    0.040007] Last level dTLB entries: 4KB 64, 2MB 0, 4MB 0, 1GB 4
[    0.044017] Spectre V1 : Mitigation: usercopy/swapgs barriers and __user pointer sanitization
[    0.048012] Spectre V2 : Mitigation: Retpolines
[    0.052014] Spectre V2 : Spectre v2 / SpectreRSB mitigation: Filling RSB on context switch
[    0.056012] Spectre V2 : Spectre v2 / SpectreRSB : Filling RSB on VMEXIT
[    0.060006] RETBleed: WARNING: Spectre v2 mitigation leaves CPU vulnerable to RETBleed attacks, data leaks possible!
[    0.064004] RETBleed: Vulnerable
[    0.065491] Speculative Store Bypass: Vulnerable
[    0.068253] MDS: Mitigation: Clear CPU buffers
[    0.072006] MMIO Stale Data: Mitigation: Clear CPU buffers
[    0.076011] SRBDS: Unknown: Dependent on hypervisor status
[    0.080596] Freeing SMP alternatives memory: 36K
[    0.212336] smpboot: CPU0: Intel(R) Core(TM) i7-8750H CPU @ 2.20GHz (family: 0x6, model: 0x9e, stepping: 0xa)
[    0.216000] Performance Events: unsupported p6 CPU model 158 no PMU driver, software events only.
[    0.216094] Hierarchical SRCU implementation.
[    0.221086] NMI watchdog: Perf event create on CPU 0 failed with -2
[    0.224005] NMI watchdog: Perf NMI watchdog permanently disabled
[    0.227040] smp: Bringing up secondary CPUs ...
[    0.228352] x86: Booting SMP configuration:
[    0.232017] .... node  #0, CPUs:      #1
[    0.004000] kvm-clock: cpu 1, msr 0:3ff44041, secondary cpu clock
[    0.243415] smp: Brought up 1 node, 2 CPUs
[    0.244018] smpboot: Max logical packages: 1
[    0.245766] smpboot: Total of 2 processors activated (8831.98 BogoMIPS)
[    0.248231] devtmpfs: initialized
[    0.249323] x86/mm: Memory block size: 128MB
[    0.252298] evm: security.selinux
[    0.253629] evm: security.SMACK64
[    0.256006] evm: security.SMACK64EXEC
[    0.257762] evm: security.SMACK64TRANSMUTE
[    0.259415] evm: security.SMACK64MMAP
[    0.260004] evm: security.apparmor
[    0.261344] evm: security.ima
[    0.262683] evm: security.capability
[    0.264210] clocksource: jiffies: mask: 0xffffffff max_cycles: 0xffffffff, max_idle_ns: 7645041785100000 ns
[    0.268038] futex hash table entries: 512 (order: 3, 32768 bytes)
[    0.272096] pinctrl core: initialized pinctrl subsystem
[    0.276208] RTC time:  4:57:53, date: 07/24/25
[    0.280152] NET: Registered protocol family 16
[    0.282103] audit: initializing netlink subsys (disabled)
[    0.284057] audit: type=2000 audit(1753333078.808:1): state=initialized audit_enabled=0 res=1
[    0.287465] cpuidle: using governor ladder
[    0.288025] cpuidle: using governor menu
[    0.289790] ACPI: bus type PCI registered
[    0.292006] acpiphp: ACPI Hot Plug PCI Controller Driver version: 0.5
[    0.294731] PCI: Using configuration type 1 for base access
[    0.300429] HugeTLB registered 2.00 MiB page size, pre-allocated 0 pages
[    0.302414] ACPI: Added _OSI(Module Device)
[    0.304007] ACPI: Added _OSI(Processor Device)
[    0.305828] ACPI: Added _OSI(3.0 _SCP Extensions)
[    0.308005] ACPI: Added _OSI(Processor Aggregator Device)
[    0.310470] ACPI: Added _OSI(Linux-Dell-Video)
[    0.312009] ACPI: Added _OSI(Linux-Lenovo-NV-HDMI-Audio)
[    0.314363] ACPI: Added _OSI(Linux-HPI-Hybrid-Graphics)
[    0.316540] ACPI: Executed 1 blocks of module-level executable AML code
[    0.328113] ACPI: Interpreter enabled
[    0.329291] ACPI: (supports S0 S5)
[    0.330641] ACPI: Using IOAPIC for interrupt routing
[    0.332642] PCI: Using host bridge windows from ACPI; if necessary, use "pci=nocrs" and report a bug
[    0.336400] ACPI: Enabled 2 GPEs in block 00 to 07
[    0.349923] ACPI: PCI Root Bridge [PCI0] (domain 0000 [bus 00-ff])
[    0.352017] acpi PNP0A03:00: _OSC: OS supports [ASPM ClockPM Segments MSI]
[    0.356857] acpi PNP0A03:00: _OSC: not requesting OS control; OS requires [ExtendedConfig ASPM ClockPM MSI]
[    0.360043] acpi PNP0A03:00: fail to add MMCONFIG information, can't access extended PCI configuration space under this bridge.
[    0.364765] PCI host bridge to bus 0000:00
[    0.368006] pci_bus 0000:00: root bus resource [io  0x0000-0x0cf7 window]
[    0.372009] pci_bus 0000:00: root bus resource [io  0x0d00-0xffff window]
[    0.374805] pci_bus 0000:00: root bus resource [mem 0x000a0000-0x000bffff window]
[    0.376009] pci_bus 0000:00: root bus resource [mem 0x40000000-0xfdffffff window]
[    0.380008] pci_bus 0000:00: root bus resource [bus 00-ff]
[    0.388970] pci 0000:00:01.1: legacy IDE quirk: reg 0x10: [io  0x01f0-0x01f7]
[    0.391207] pci 0000:00:01.1: legacy IDE quirk: reg 0x14: [io  0x03f6]
[    0.392006] pci 0000:00:01.1: legacy IDE quirk: reg 0x18: [io  0x0170-0x0177]
[    0.396006] pci 0000:00:01.1: legacy IDE quirk: reg 0x1c: [io  0x0376]
[    0.421124] pci 0000:00:07.0: quirk: [io  0x4000-0x403f] claimed by PIIX4 ACPI
[    0.424027] pci 0000:00:07.0: quirk: [io  0x4100-0x410f] claimed by PIIX4 SMB
[    0.438545] ACPI: PCI Interrupt Link [LNKA] (IRQs 5 9 10 *11)
[    0.440658] ACPI: PCI Interrupt Link [LNKB] (IRQs 5 9 *10 11)
[    0.444064] ACPI: PCI Interrupt Link [LNKC] (IRQs 5 *9 10 11)
[    0.446894] ACPI: PCI Interrupt Link [LNKD] (IRQs 5 9 10 *11)
[    0.448676] SCSI subsystem initialized
[    0.452052] pci 0000:00:02.0: vgaarb: setting as boot VGA device
[    0.454926] pci 0000:00:02.0: vgaarb: VGA device added: decodes=io+mem,owns=io+mem,locks=none
[    0.456011] pci 0000:00:02.0: vgaarb: bridge control possible
[    0.460004] vgaarb: loaded
[    0.461469] ACPI: bus type USB registered
[    0.464041] usbcore: registered new interface driver usbfs
[    0.466633] usbcore: registered new interface driver hub
[    0.468021] usbcore: registered new device driver usb
[    0.472119] EDAC MC: Ver: 3.0.0
[    0.476085] PCI: Using ACPI for IRQ routing
[    0.478862] NetLabel: Initializing
[    0.480006] NetLabel:  domain hash size = 128
[    0.482000] NetLabel:  protocols = UNLABELED CIPSOv4 CALIPSO
[    0.484036] NetLabel:  unlabeled traffic allowed by default
[    0.488176] clocksource: Switched to clocksource kvm-clock
[    0.499299] VFS: Disk quotas dquot_6.6.0
[    0.499299] VFS: Dquot-cache hash table entries: 512 (order 0, 4096 bytes)
[    0.499299] AppArmor: AppArmor Filesystem Enabled
[    0.499299] pnp: PnP ACPI init
[    0.499299] pnp: PnP ACPI: found 3 devices
[    0.537253] clocksource: acpi_pm: mask: 0xffffff max_cycles: 0xffffff, max_idle_ns: 2085701024 ns
[    0.540343] NET: Registered protocol family 2
[    0.540343] IP idents hash table entries: 16384 (order: 5, 131072 bytes)
[    0.548073] TCP established hash table entries: 8192 (order: 4, 65536 bytes)
[    0.551929] TCP bind hash table entries: 8192 (order: 5, 131072 bytes)
[    0.555181] TCP: Hash tables configured (established 8192 bind 8192)
[    0.558990] UDP hash table entries: 512 (order: 2, 16384 bytes)
[    0.559140] UDP-Lite hash table entries: 512 (order: 2, 16384 bytes)
[    0.559140] NET: Registered protocol family 1
[    0.559140] pci 0000:00:00.0: Limiting direct PCI/PCI transfers
[    0.569797] pci 0000:00:01.0: Activating ISA DMA hang workarounds
[    0.572674] pci 0000:00:02.0: Video device with shadowed ROM at [mem 0x000c0000-0x000dffff]
[    0.577652] Unpacking initramfs...
[    1.266789] Freeing initrd memory: 19528K
[    1.268650] clocksource: tsc: mask: 0xffffffffffffffff max_cycles: 0x1fd3b426a0c, max_idle_ns: 440795203300 ns
[    1.272497] platform rtc_cmos: registered platform RTC device (no PNP device found)
[    1.278328] Scanning for low memory corruption every 60 seconds
[    1.282339] Initialise system trusted keyrings
[    1.284481] Key type blacklist registered
[    1.287279] workingset: timestamp_bits=36 max_order=18 bucket_order=0
[    1.293230] zbud: loaded
[    1.295248] squashfs: version 4.0 (2009/01/31) Phillip Lougher
[    1.297676] fuse init (API version 7.26)
[    1.301885] Key type asymmetric registered
[    1.303369] Asymmetric key parser 'x509' registered
[    1.305298] Block layer SCSI generic (bsg) driver version 0.4 loaded (major 246)
[    1.308995] io scheduler noop registered
[    1.310695] io scheduler deadline registered
[    1.312639] io scheduler cfq registered (default)
[    1.315038] ACPI: AC Adapter [AC] (on-line)
[    1.316776] input: Power Button as /devices/LNXSYSTM:00/LNXPWRBN:00/input/input0
[    1.320144] ACPI: Power Button [PWRF]
[    1.321719] input: Sleep Button as /devices/LNXSYSTM:00/LNXSLPBN:00/input/input1
[    1.325108] ACPI: Sleep Button [SLPF]
[    1.328644] Serial: 8250/16550 driver, 32 ports, IRQ sharing enabled
[    1.352199] 00:02: ttyS0 at I/O 0x3f8 (irq = 4, base_baud = 115200) is a 16550A
[    1.352599] ACPI: Battery Slot [BAT0] (battery present)
[    1.362655] Linux agpgart interface v0.103
[    1.370705] loop: module loaded
[    1.373129] scsi host0: ata_piix
[    1.374710] scsi host1: ata_piix
[    1.376389] ata1: PATA max UDMA/33 cmd 0x1f0 ctl 0x3f6 bmdma 0xd000 irq 14
[    1.379392] ata2: PATA max UDMA/33 cmd 0x170 ctl 0x376 bmdma 0xd008 irq 15
[    1.382226] tun: Universal TUN/TAP device driver, 1.6
[    1.384693] PPP generic driver version 2.4.2
[    1.386672] ehci_hcd: USB 2.0 'Enhanced' Host Controller (EHCI) Driver
[    1.390111] ehci-pci: EHCI PCI platform driver
[    1.392049] ehci-platform: EHCI generic platform driver
[    1.394392] ohci_hcd: USB 1.1 'Open' Host Controller (OHCI) Driver
[    1.397087] ohci-pci: OHCI PCI platform driver
[    1.399099] ohci-platform: OHCI generic platform driver
[    1.401263] uhci_hcd: USB Universal Host Controller Interface driver
[    1.403869] i8042: PNP: PS/2 Controller [PNP0303:PS2K,PNP0f03:PS2M] at 0x60,0x64 irq 1,12
[    1.408142] serio: i8042 KBD port at 0x60,0x64 irq 1
[    1.410081] serio: i8042 AUX port at 0x60,0x64 irq 12
[    1.412727] mousedev: PS/2 mouse device common for all mice
[    1.415513] input: AT Translated Set 2 keyboard as /devices/platform/i8042/serio0/input/input2
[    1.416482] rtc_cmos rtc_cmos: rtc core: registered rtc_cmos as rtc0
[    1.421958] rtc_cmos rtc_cmos: alarms up to one day, 114 bytes nvram
[    1.424921] i2c /dev entries driver
[    1.426696] device-mapper: uevent: version 1.0.3
[    1.428965] device-mapper: ioctl: 4.37.0-ioctl (2017-09-20) initialised: dm-devel@redhat.com
[    1.433129] ledtrig-cpu: registered to indicate activity on CPUs
[    1.436764] NET: Registered protocol family 10
[    1.447106] Segment Routing with IPv6
[    1.449253] NET: Registered protocol family 17
[    1.452891] Key type dns_resolver registered
[    1.456160] mce: Using 0 MCE banks
[    1.458463] RAS: Correctable Errors collector initialized.
[    1.461833] sched_clock: Marking stable (1461757029, 0)->(1950090309, -488333280)
[    1.470700] registered taskstats version 1
[    1.475154] Loading compiled-in X.509 certificates
[    1.486749] Loaded X.509 cert 'Build time autogenerated kernel key: b5b26778eaa3ab3a4a6cee031137706e947d12ad'
[    1.492623] Loaded X.509 cert 'Canonical Ltd. Live Patch Signing: 14df34d1a87cf37625abec039ef2bf521249b969'
[    1.497785] Loaded X.509 cert 'Canonical Ltd. Kernel Module Signing: 88f752e560a1e0737e31163a466ad7b70a850c19'
[    1.501706] blacklist: Loading compiled-in revocation X.509 certificates
[    1.504411] Loaded X.509 cert 'Canonical Ltd. Secure Boot Signing: 61482aa2830d0ab2ad5af10b7250da9033ddcef0'
[    1.508709] Loaded X.509 cert 'Canonical Ltd. Secure Boot Signing (2017): 242ade75ac4a15e50d50c84b0d45ff3eae707a03'
[    1.513506] Loaded X.509 cert 'Canonical Ltd. Secure Boot Signing (ESM 2018): 365188c1d374d6b07c3c8f240f8ef722433d6a8b'
[    1.518395] Loaded X.509 cert 'Canonical Ltd. Secure Boot Signing (2019): c0746fd6c5da3ae827864651ad66ae47fe24b3e8'
[    1.522852] Loaded X.509 cert 'Canonical Ltd. Secure Boot Signing (2021 v1): a8d54bbb3825cfb94fa13c9f8a594a195c107b8d'
[    1.527214] Loaded X.509 cert 'Canonical Ltd. Secure Boot Signing (2021 v2): 4cf046892d6fd3c9a5b03f98d845f90851dc6a8c'
[    1.531327] Loaded X.509 cert 'Canonical Ltd. Secure Boot Signing (2021 v3): 100437bb6de6e469b581e61cd66bce3ef4ed53af'
[    1.535492] Loaded X.509 cert 'Canonical Ltd. Secure Boot Signing (Ubuntu Core 2019): c1d57b8f6b743f23ee41f4f7ee292f06eecadfb9'
[    1.552203] zswap: loaded using pool lzo/zbud
[    1.569827] Key type big_key registered
[    1.571087] Key type trusted registered
[    1.575563] Key type encrypted registered
[    1.576793] AppArmor: AppArmor sha1 policy hashing enabled
[    1.578989] ima: No TPM chip found, activating TPM-bypass! (rc=-19)
[    1.581527] ima: Allocated hash algorithm: sha1
[    1.583374] evm: HMAC attrs: 0x1
[    1.585194]   Magic number: 1:674:970
[    1.586890] rtc_cmos rtc_cmos: setting system clock to 2025-07-24 04:57:55 UTC (1753333075)
[    1.590620] BIOS EDD facility v0.16 2004-Jun-25, 0 devices found
[    1.593474] EDD information not available.
[    1.599947] Freeing unused kernel image memory: 2480K
[    1.620237] Write protecting the kernel read-only data: 20480k
[    1.622843] Freeing unused kernel image memory: 2008K
[    1.624687] Freeing unused kernel image memory: 1820K
[    1.639660] x86/mm: Checked W+X mappings: passed, no W+X pages found.
[    1.641307] x86/mm: Checking user space page tables
[    1.655795] x86/mm: Checked W+X mappings: passed, no W+X pages found.
Loading, please wait...
starting version 237
[    1.775225] e1000: Intel(R) PRO/1000 Network Driver - version 7.3.21-k8-NAPI
[    1.778208] e1000: Copyright (c) 1999-2006 Intel Corporation.
[    1.786615] Fusion MPT base driver 3.04.20
[    1.787907] Copyright (c) 1999-2008 LSI Corporation
[    1.797677] Fusion MPT SPI Host driver 3.04.20
[    1.817371] AVX2 version of gcm_enc/dec engaged.
[    1.819008] AES CTR mode by8 optimization enabled
[    2.001036] input: ImExPS/2 Generic Explorer Mouse as /devices/platform/i8042/serio1/input/input4
[    2.382028] e1000 0000:00:03.0 eth0: (PCI:33MHz:32-bit) 02:3b:7b:b7:3b:2d
[    2.385391] e1000 0000:00:03.0 eth0: Intel(R) PRO/1000 Network Connection
[    2.995260] e1000 0000:00:08.0 eth1: (PCI:33MHz:32-bit) 08:00:27:a4:9c:c5
[    3.000180] e1000 0000:00:08.0 eth1: Intel(R) PRO/1000 Network Connection
[    3.013621] e1000 0000:00:03.0 enp0s3: renamed from eth0
[    3.017378] mptbase: ioc0: Initiating bringup
[    3.034329] e1000 0000:00:08.0 enp0s8: renamed from eth1
[    3.132564] ioc0: LSI53C1030 A0: Capabilities={Initiator}
[    3.381123] scsi host2: ioc0: LSI53C1030 A0, FwRev=00000000h, Ports=1, MaxQ=256, IRQ=20
[    3.556806] scsi 2:0:0:0: Direct-Access     VBOX     HARDDISK         1.0  PQ: 0 ANSI: 5
[    3.588105] scsi target2:0:0: Beginning Domain Validation
[    3.594213] scsi target2:0:0: Domain Validation skipping write tests
[    3.597190] scsi target2:0:0: Ending Domain Validation
[    3.599683] scsi target2:0:0: asynchronous
[    3.603579] scsi 2:0:1:0: Direct-Access     VBOX     HARDDISK         1.0  PQ: 0 ANSI: 5
[    3.640155] scsi target2:0:1: Beginning Domain Validation
[    3.646556] scsi target2:0:1: Domain Validation skipping write tests
[    3.649228] scsi target2:0:1: Ending Domain Validation
[    3.651948] scsi target2:0:1: asynchronous
[    3.666271] sd 2:0:0:0: Attached scsi generic sg0 type 0
[    3.668887] sd 2:0:0:0: [sda] 83886080 512-byte logical blocks: (42.9 GB/40.0 GiB)
[    3.672680] sd 2:0:0:0: [sda] Write Protect is off
[    3.675636] sd 2:0:0:0: [sda] Incomplete mode parameter data
[    3.676251] sd 2:0:1:0: Attached scsi generic sg1 type 0
[    3.678559] sd 2:0:0:0: [sda] Assuming drive cache: write through
[    3.682006] sd 2:0:1:0: [sdb] 20480 512-byte logical blocks: (10.5 MB/10.0 MiB)
[    3.688099] sd 2:0:1:0: [sdb] Write Protect is off
[    3.691477] sd 2:0:1:0: [sdb] Incomplete mode parameter data
[    3.694824] sd 2:0:1:0: [sdb] Assuming drive cache: write through
[    3.701551]  sda: sda1
[    3.706109] sd 2:0:0:0: [sda] Attached SCSI disk
[    3.707138] sd 2:0:1:0: [sdb] Attached SCSI disk
Begin: Loading essential drivers ... [    6.248335] raid6: sse2x1   gen()  6986 MB/s
[    6.296871] raid6: sse2x1   xor()  4027 MB/s
[    6.348042] raid6: sse2x2   gen()  9629 MB/s
[    6.401984] raid6: sse2x2   xor()  6993 MB/s
[    6.456788] raid6: sse2x4   gen()  9273 MB/s
[    6.512683] raid6: sse2x4   xor()  5489 MB/s
[    6.564457] raid6: avx2x1   gen()  9287 MB/s
[    6.612700] raid6: avx2x1   xor()  6012 MB/s
[    6.668174] raid6: avx2x2   gen() 11547 MB/s
[    6.716307] raid6: avx2x2   xor() 10447 MB/s
[    6.776202] raid6: avx2x4   gen() 26843 MB/s
[    6.824140] raid6: avx2x4   xor() 10820 MB/s
[    6.825671] raid6: using algorithm avx2x4 gen() 26843 MB/s
[    6.827816] raid6: .... xor() 10820 MB/s, rmw enabled
[    6.829748] raid6: using avx2x2 recovery algorithm
[    6.833800] xor: automatically using best checksumming function   avx       
[    6.838055] async_tx: api initialized (async)
done.
Begin: Running /scripts/init-premount ... done.
Begin: Mounting root file system ... Begin: Running /scripts/local-top ... done.
Begin: Running /scripts/local-premount ... [    6.903186] Btrfs loaded, crc32c=crc32c-intel
Scanning for Btrfs filesystems
done.
Warning: fsck not present, so skipping root file system
[    6.947716] EXT4-fs (sda1): mounted filesystem with ordered data mode. Opts: (null)
done.
Begin: Running /scripts/local-bottom ... done.
Begin: Running /scripts/init-bottom ... done.
[    7.223404] ip_tables: (C) 2000-2006 Netfilter Core Team
[    7.239112] systemd[1]: systemd 237 running in system mode. (+PAM +AUDIT +SELINUX +IMA +APPARMOR +SMACK +SYSVINIT +UTMP +LIBCRYPTSETUP +GCRYPT +GNUTLS +ACL +XZ +LZ4 +SECCOMP +BLKID +ELFUTILS +KMOD -IDN2 +IDN -PCRE2 default-hierarchy=hybrid)
[    7.246919] systemd[1]: Detected virtualization oracle.
[    7.248998] systemd[1]: Detected architecture x86-64.

Welcome to [1mUbuntu 18.04.6 LTS[0m!

[    7.256766] systemd[1]: Set hostname to <ubuntu>.
[    7.261554] systemd[1]: Initializing machine ID from random generator.
[    7.263462] systemd[1]: Installed transient /etc/machine-id file.
[    7.688329] systemd[1]: Reached target System Time Synchronized.
[[0;32m  OK  [0m] Reached target System Time Synchronized.
[    7.811595] systemd[1]: Created slice System Slice.
[[0;32m  OK  [0m] Created slice System Slice.
[    7.817643] systemd[1]: Listening on Network Service Netlink Socket.
[[0;32m  OK  [0m] Listening on Network Service Netlink Socket.
[    7.824970] systemd[1]: Listening on Journal Socket.
[[0;32m  OK  [0m] Listening on Journal Socket.
         Mounting POSIX Message Queue File System...
[[0;32m  OK  [0m] Listening on udev Control Socket.
[[0;32m  OK  [0m] Reached target User and Group Name Lookups.
[[0;32m  OK  [0m] Listening on LVM2 metadata daemon socket.
[[0;32m  OK  [0m] Listening on Journal Socket (/dev/log).
         Mounting Huge Pages File System...
[[0;32m  OK  [0m] Listening on Journal Audit Socket.
[[0;32m  OK  [0m] Started Forward Password Requests to Wall Directory Watch.
[[0;32m  OK  [0m] Listening on Device-mapper event daemon FIFOs.
[[0;32m  OK  [0m] Listening on Syslog Socket.
         Starting Journal Service...
         Starting Create list of required stâ€¦ce nodes for the current kernel...
[[0;32m  OK  [0m] Listening on LVM2 poll daemon socket.
         Starting Monitoring of LVM2 mirrorsâ€¦ng dmeventd or progress polling...
         Starting Uncomplicated firewall...
[[0;32m  OK  [0m] Listening on /dev/initctl Compatibility Named Pipe.
[[0;32m  OK  [0m] Reached target Mounting snaps.
[[0;32m  OK  [0m] Created slice system-serial\x2dgetty.slice.
[[0;32m  OK  [0m] Listening on fsck to fsckd communication Socket.
         Starting File System Check on Root Device...
[[0;32m  OK  [0m] Reached target Swap.
         Starting Load Kernel Modules...
[[0;32m  OK  [0m] Listening on udev Kernel Socket.
         Starting udev Coldplug all Devices...
         Mounting Kernel Debug File System...
[[0;32m  OK  [0m] Created slice User and Session Slice.
[[0;32m  OK  [0m] Reached target Slices.
[[0;32m  OK  [0m] Reached target Mounted snaps.
         Starting Set the console keyboard layout...
[[0;32m  OK  [0m] Set up automount Arbitrary Executabâ€¦rmats File System Automount Point.
[    8.104344] Loading iSCSI transport class v2.0-870.
[    8.113483] iscsi: registered transport (tcp)
[[0;32m  OK  [0m] Started Journal Service.
[[0;32m  OK  [0m] Mounted POSIX Message Queue File System.
[[0;32m  OK  [0m] Mounted Huge Pages File System.
[[0;32m  OK  [0m] Started Create list of required staâ€¦vice nodes for the current kernel.
[[0;32m  OK  [0m] Started Uncomplicated firewall.
[[0;32m  OK  [0m] Mounted Kernel Debug File System.
[[0;32m  OK  [0m] Started File System Check Daemon to report status.
         Starting Create Static Device Nodes in /dev...
[[0;32m  OK  [0m] Started LVM2 metadata daemon.
[[0;32m  OK  [0m] Started File System Check on Root Device.
         Starting Remount Root and Kernel File Systems...
[    8.229765] iscsi: registered transport (iser)
[[0;32m  OK  [0m] Started Load Kernel Modules.
         Mounting FUSE Control File System...
         Mounting Kernel Configuration File System...
         Starting Apply Kernel Variables...
[[0;32m  OK  [0m] Mounted Kernel Configuration File System.
[[0;32m  OK  [0m] Mounted FUSE Control File System.
[[0;32m  OK  [0m] Started Create Static Device Nodes in /dev.
[[0;32m  OK  [0m] Started udev Coldplug all Devices.
[[0;32m  OK  [0m] Started Remount Root and Kernel File Systems.
         Starting Load/Save Random Seed...
         Starting udev Kernel Device Manager...
         Starting Flush Journal to Persistent Storage...
[[0;32m  OK  [0m] Started Monitoring of LVM2 mirrors,â€¦sing dmeventd or progress polling.
[[0;32m  OK  [0m] Started Apply Kernel Variables.
[[0;32m  OK  [0m] Started Load/Save Random Seed.
[[0;32m  OK  [0m] Started udev Kernel Device Manager.
[[0;32m  OK  [0m] Started Flush Journal to Persistent Storage.
[[0;32m  OK  [0m] Found device /dev/ttyS0.
[[0;32m  OK  [0m] Listening on Load/Save RF Kill Switch Status /dev/rfkill Watch.
         Mounting Arbitrary Executable File Formats File System...
[[0;32m  OK  [0m] Mounted Arbitrary Executable File Formats File System.
[[0;32m  OK  [0m] Started Set the console keyboard layout.
[[0;32m  OK  [0m] Reached target Local File Systems (Pre).
[[0;32m  OK  [0m] Reached target Local File Systems.
         Starting Commit a transient machine-id on disk...
         Starting AppArmor initialization...
         Starting ebtables ruleset management...
         Starting Tell Plymouth To Write Out Runtime Data...
         Starting Set console font and keymap...
         Starting Create Volatile Files and Directories...
[[0;32m  OK  [0m] Started Dispatch Password Requests to Console Directory Watch.
[[0;32m  OK  [0m] Reached target Local Encrypted Volumes.
[[0;32m  OK  [0m] Started Tell Plymouth To Write Out Runtime Data.
[[0;32m  OK  [0m] Started Create Volatile Files and Directories.
         Starting Update UTMP about System Boot/Shutdown...
[[0;32m  OK  [0m] Started Commit a transient machine-id on disk.
[[0;32m  OK  [0m] Started Update UTMP about System Boot/Shutdown.
[[0;32m  OK  [0m] Started ebtables ruleset management.
[[0;32m  OK  [0m] Started Set console font and keymap.
[[0;32m  OK  [0m] Started AppArmor initialization.
         Starting Load AppArmor profiles managed internally by snapd...
         Starting Initial cloud-init job (pre-networking)...
[[0;32m  OK  [0m] Started Load AppArmor profiles managed internally by snapd.
[   16.273637] cloud-init[838]: Cloud-init v. 23.1.2-0ubuntu0~18.04.1 running 'init-local' at Thu, 24 Jul 2025 04:58:09 +0000. Up 15.63 seconds.
[[0;32m  OK  [0m] Started Initial cloud-init job (pre-networking).
[[0;32m  OK  [0m] Reached target Network (Pre).
         Starting Network Service...
[[0;32m  OK  [0m] Started Network Service.
         Starting Network Name Resolution...
         Starting Wait for Network to be Configured...
[[0;32m  OK  [0m] Started Network Name Resolution.
[[0;32m  OK  [0m] Reached target Host and Network Name Lookups.
[[0;32m  OK  [0m] Reached target Network.
[[0;32m  OK  [0m] Started Wait for Network to be Configured.
         Starting Initial cloud-init job (metadata service crawler)...
[   19.111598] cloud-init[956]: Cloud-init v. 23.1.2-0ubuntu0~18.04.1 running 'init' at Thu, 24 Jul 2025 04:58:12 +0000. Up 18.79 seconds.
[   19.114788] cloud-init[956]: ci-info: ++++++++++++++++++++++++++++++++++++++Net device info+++++++++++++++++++++++++++++++++++++++
[   19.117139] cloud-init[956]: ci-info: +--------+-------+----------------------------+---------------+--------+-------------------+
[   19.120072] cloud-init[956]: ci-info: | Device |   Up  |          Address           |      Mask     | Scope  |     Hw-Address    |
[   19.123653] cloud-init[956]: ci-info: +--------+-------+----------------------------+---------------+--------+-------------------+
[   19.127179] cloud-init[956]: ci-info: | enp0s3 |  True |         10.0.2.15          | 255.255.255.0 | global | 02:3b:7b:b7:3b:2d |
[   19.130684] cloud-init[956]: ci-info: | enp0s3 |  True | fe80::3b:7bff:feb7:3b2d/64 |       .       |  link  | 02:3b:7b:b7:3b:2d |
[   19.134225] cloud-init[956]: ci-info: | enp0s8 | False |             .              |       .       |   .    | 08:00:27:a4:9c:c5 |
[   19.137713] cloud-init[956]: ci-info: |   lo   |  True |         127.0.0.1          |   255.0.0.0   |  host  |         .         |
[   19.141245] cloud-init[956]: ci-info: |   lo   |  True |          ::1/128           |       .       |  host  |         .         |
[   19.144868] cloud-init[956]: ci-info: +--------+-------+----------------------------+---------------+--------+-------------------+
[   19.148353] cloud-init[956]: ci-info: ++++++++++++++++++++++++++++Route IPv4 info+++++++++++++++++++++++++++++
[   19.151481] cloud-init[956]: ci-info: +-------+-------------+----------+-----------------+-----------+-------+
[   19.154957] cloud-init[956]: ci-info: | Route | Destination | Gateway  |     Genmask     | Interface | Flags |
[   19.158165] cloud-init[956]: ci-info: +-------+-------------+----------+-----------------+-----------+-------+
[   19.162028] cloud-init[956]: ci-info: |   0   |   0.0.0.0   | 10.0.2.2 |     0.0.0.0     |   enp0s3  |   UG  |
[   19.165343] cloud-init[956]: ci-info: |   1   |   10.0.2.0  | 0.0.0.0  |  255.255.255.0  |   enp0s3  |   U   |
[   19.169690] cloud-init[956]: ci-info: |   2   |   10.0.2.2  | 0.0.0.0  | 255.255.255.255 |   enp0s3  |   UH  |
[   19.173950] cloud-init[956]: ci-info: +-------+-------------+----------+-----------------+-----------+-------+
[   19.176907] cloud-init[956]: ci-info: +++++++++++++++++++Route IPv6 info+++++++++++++++++++
[   19.180487] cloud-init[956]: ci-info: +-------+-------------+---------+-----------+-------+
[   19.182110] cloud-init[956]: ci-info: | Route | Destination | Gateway | Interface | Flags |
[   19.183660] cloud-init[956]: ci-info: +-------+-------------+---------+-----------+-------+
[   19.186129] cloud-init[956]: ci-info: |   1   |  fe80::/64  |    ::   |   enp0s3  |   U   |
[   19.187956] cloud-init[956]: ci-info: |   3   |    local    |    ::   |   enp0s3  |   U   |
[   19.190626] cloud-init[956]: ci-info: |   4   |   ff00::/8  |    ::   |   enp0s3  |   U   |
[   19.193057] cloud-init[956]: ci-info: +-------+-------------+---------+-----------+-------+
[   20.447425] cloud-init[956]: Generating public/private rsa key pair.
[   20.449796] cloud-init[956]: Your identification has been saved in /etc/ssh/ssh_host_rsa_key.
[   20.453065] cloud-init[956]: Your public key has been saved in /etc/ssh/ssh_host_rsa_key.pub.
[   20.456221] cloud-init[956]: The key fingerprint is:
[   20.458328] cloud-init[956]: SHA256:5/p6Q+LlN6BShaC84WJJ74K/2cIDHELyqkl2Z1FcpsM root@ubuntu-bionic
[   20.461638] cloud-init[956]: The key's randomart image is:
[   20.463756] cloud-init[956]: +---[RSA 2048]----+
[   20.465095] cloud-init[956]: |      . .o       |
[   20.466612] cloud-init[956]: |..    ooo        |
[   20.468175] cloud-init[956]: |o. . ..E .       |
[   20.469717] cloud-init[956]: |..o +.  o .      |
[   20.471135] cloud-init[956]: |oo.+ o. S..      |
[   20.473078] cloud-init[956]: |o++.+o  oo+      |
[   20.474643] cloud-init[956]: |+*.oo  o *..     |
[   20.477406] cloud-init[956]: |+ =o. . o.+ o    |
[   20.478729] cloud-init[956]: | .+=.  .o+.o .   |
[   20.480204] cloud-init[956]: +----[SHA256]-----+
[   20.481667] cloud-init[956]: Generating public/private dsa key pair.
[   20.483677] cloud-init[956]: Your identification has been saved in /etc/ssh/ssh_host_dsa_key.
[   20.486680] cloud-init[956]: Your public key has been saved in /etc/ssh/ssh_host_dsa_key.pub.
[   20.489163] cloud-init[956]: The key fingerprint is:
[   20.490719] cloud-init[956]: SHA256:ZBXd+HqBbffPXHBHP6DiLTrcPW2/B479DJjjgJ9Tf3s root@ubuntu-bionic
[   20.493000] cloud-init[956]: The key's randomart image is:
[   20.494811] cloud-init[956]: +---[DSA 1024]----+
[   20.496470] cloud-init[956]: |          oo o   |
[   20.498077] cloud-init[956]: |         .  o.. .|
[   20.499684] cloud-init[956]: |        o   .+...|
[   20.501623] cloud-init[956]: |       o . .. *.=|
[   20.503191] cloud-init[956]: |        S o  o =+|
[   20.505274] cloud-init[956]: |         + .ooo o|
[   20.506669] cloud-init[956]: |      . + +.=*.+o|
[   20.508446] cloud-init[956]: |       + o.*.++oE|
[   20.520287] cloud-init[956]: |        . o.+ .*B|
[   20.521251] cloud-init[956]: +----[SHA256]-----+
[   20.522992] cloud-init[956]: Generating public/private ecdsa key pair.
[   20.525266] cloud-init[956]: Your identification has been saved in /etc/ssh/ssh_host_ecdsa_key.
[   20.529078] cloud-init[956]: Your public key has been saved in /etc/ssh/ssh_host_ecdsa_key.pub.
[   20.532618] cloud-init[956]: The key fingerprint is:
[   20.534929] cloud-init[956]: SHA256:+4iZsdrVQuIvvBxIYHlluxRkq80BmO+kMVkFAbg5abo root@ubuntu-bionic
[   20.537152] cloud-init[956]: The key's randomart image is:
[   20.538465] cloud-init[956]: +---[ECDSA 256]---+
[   20.539404] cloud-init[956]: | ..++=B          |
[   20.540497] cloud-init[956]: |. o..= +         |
[   20.542099] cloud-init[956]: | +++. =          |
[   20.552312] cloud-init[956]: |=o+oo= o         |
[   20.553194] cloud-init[956]: |o. *o = S        |
[   20.554573] cloud-init[956]: |. ...o o o       |
[   20.556593] cloud-init[956]: | .  ..+ + .      |
[   20.558715] cloud-init[956]: |E    ooX +       |
[   20.560738] cloud-init[956]: |    ..Ooo .      |
[   20.562656] cloud-init[956]: +----[SHA256]-----+
[   20.564634] cloud-init[956]: Generating public/private ed25519 key pair.
[   20.567131] cloud-init[956]: Your identification has been saved in /etc/ssh/ssh_host_ed25519_key.
[   20.570530] cloud-init[956]: Your public key has been saved in /etc/ssh/ssh_host_ed25519_key.pub.
[   20.574652] cloud-init[956]: The key fingerprint is:
[   20.576479] cloud-init[956]: SHA256:wTu9DxYWUQmdwfTaL6KEtwPoFa7z8gmGxa5tfRUM4nM root@ubuntu-bionic
[   20.579833] cloud-init[956]: The key's randomart image is:
[   20.582185] cloud-init[956]: +--[ED25519 256]--+
[   20.584635] cloud-init[956]: |          o*++   |
[   20.587101] cloud-init[956]: |       .. ..=.   |
[   20.588732] cloud-init[[0;32m  OK  [0m] Started Initial cloud-init job (metadata service crawler).
[[0;32m  OK  [0m] Reached target Cloud-config availability.
[[0;32m  OK  [0m] Reached target Network is Online.
[[0;32m  OK  [0m] Reached target Remote File Systems (Pre).
[[0;32m  OK  [0m] Reached target Remote File Systems.
         Starting Availability of block devices...
[[0;32m  OK  [0m] Reached target System Initialization.
[[0;32m  OK  [0m] Listening on ACPID Listen Socket.
[[0;32m  OK  [0m] Listening on UUID daemon activation socket.
[[0;32m  OK  [0m] Listening on Open-iSCSI iscsid Socket.
[[0;32m  OK  [0m] Started Message of the Day.
[[0;32m  OK  [0m] Started Daily Cleanup of Temporary Directories.
[[0;32m  OK  [0m] Listening on cloud-init hotplug hook socket.
[956]: |       .o..o  .  |
[   20.613928] cloud-init[956]: |     .  ++E.oo   |
         Starting Socket activation for snappy daemon.
[   20.624948] cloud-init[[0;32m  OK  [0m] Started Discard unused blocks once a week.
[956]: |      ooS++ ...  |
[   20.660559]          Starting LXD - unix socket.
cloud-init[[956]: [0;32m  OK  [0m|     +. ++ o.  . |] 
Started Daily apt download activities.
[[0;32m  OK  [0m] Started Daily apt upgrade and clean activities.
[[0;32m  OK  [0m] Started Ubuntu Advantage Timer for running repeated jobs.
[[0;32m  OK  [0m] Reached target Timers.
[[0;32m  OK  [0m] Listening on D-Bus System Message Bus Socket.
[[0;32m  OK  [0m] Started ACPI Events Check.
[[0;32m  OK  [0m] Reached target Paths.
[[0;32m  OK  [0m] Started Availability of block devices.
[[0;32m  OK  [0m] Listening on Socket activation for snappy daemon.
[[0;32m  OK  [0m] Listening on LXD - unix socket.
[[0;32m  OK  [0m] Reached target Sockets.
[[0;32m  OK  [0m] Reached target Basic System.
[   20.680463] cloud-init[956]: |    ..++..*.. . .|
[   20.703192]          Starting System Logging Service...
cloud-init[956]: |     +*..=o= . . |[[0;32m  OK  [0m] Started FUSE filesystem for LXC.
[[0;32m  OK  [0m] Reached target Login Prompts (Pre).

[[0;32m  OK  [0m] Started Regular background program processing daemon.
         Starting Pollinate to seed the pseudo random number generator...
         Starting Permit User Sessions...
[   20.744419] cloud-init[956]: |    ...=+.o..    |
[   20.757226] cloud-init[956]: +----[SHA256]-----+
         Starting LSB: Record successful boot for GRUB...
[[0;32m  OK  [0m] Started Deferred execution scheduler.
[[0;32m  OK  [0m] Started irqbalance daemon.
[[0;32m  OK  [0m] Started D-Bus System Message Bus.
         Starting Accounts Service...
         Starting LSB: automatic crash report generation...
         Starting LXD - container startup/shutdown...
         Starting Virtualbox guest utils...
         Starting Login Service...
         Starting Snap Daemon...
         Starting Dispatcher daemon for systemd-networkd...
[[0;32m  OK  [0m] Started System Logging Service.
[[0;32m  OK  [0m] Started Permit User Sessions.
[[0;32m  OK  [0m] Started Login Service.
[[0;32m  OK  [0m] Started Unattended Upgrades Shutdown.
         Starting Authorization Manager...
         Starting Hold until boot process finishes up...
         Starting Terminate Plymouth Boot Screen...
[[0;32m  OK  [0m] Started Hold until boot process finishes up.
[[0;32m  OK  [0m] Started Serial Getty on ttyS0.
         Starting Set console scheme...
[[0;32m  OK  [0m] Started Terminate Plymouth Boot Screen.
[[0;32m  OK  [0m] Started LSB: automatic crash report generation.
[[0;32m  OK  [0m] Started LXD - container startup/shutdown.
[[0;32m  OK  [0m] Started Set console scheme.
[[0;32m  OK  [0m] Created slice system-getty.slice.
[[0;32m  OK  [0m] Started Getty on tty1.
[[0;32m  OK  [0m] Reached target Login Prompts.
[[0;32m  OK  [0m] Started Virtualbox guest utils.
[[0;32m  OK  [0m] Started LSB: Record successful boot for GRUB.
[[0;32m  OK  [0m] Started Authorization Manager.
[[0;32m  OK  [0m] Started Accounts Service.
[[0;32m  OK  [0m] Started Dispatcher daemon for systemd-networkd.
[[0;32m  OK  [0m] Started Snap Daemon.
         Starting Wait until snapd is fully seeded...
[[0;32m  OK  [0m] Started Pollinate to seed the pseudo random number generator.
         Starting OpenBSD Secure Shell server...
[[0;32m  OK  [0m] Started OpenBSD Secure Shell server.
[[0;32m  OK  [0m] Created slice User Slice of vagrant.
         Starting User Manager for UID 1000...
[[0;32m  OK  [0m] Started Session 1 of user vagrant.
[[0;32m  OK  [0m] Started User Manager for UID 1000.
         Starting Time & Date Service...
[[0;32m  OK  [0m] Started Time & Date Service.

Ubuntu 18.04.6 LTS ubuntu-bionic ttyS0

ubuntu-bionic login: [   29.648294] cloud-init[1536]: Cloud-init v. 23.1.2-0ubuntu0~18.04.1 running 'modules:config' at Thu, 24 Jul 2025 04:58:22 +0000. Up 28.85 seconds.
ci-info: no authorized SSH keys fingerprints found for user ubuntu.
<14>Jul 24 04:58:25 cloud-init: #############################################################
<14>Jul 24 04:58:25 cloud-init: -----BEGIN SSH HOST KEY FINGERPRINTS-----
<14>Jul 24 04:58:25 cloud-init: 1024 SHA256:ZBXd+HqBbffPXHBHP6DiLTrcPW2/B479DJjjgJ9Tf3s root@ubuntu-bionic (DSA)
<14>Jul 24 04:58:25 cloud-init: 256 SHA256:+4iZsdrVQuIvvBxIYHlluxRkq80BmO+kMVkFAbg5abo root@ubuntu-bionic (ECDSA)
<14>Jul 24 04:58:25 cloud-init: 256 SHA256:wTu9DxYWUQmdwfTaL6KEtwPoFa7z8gmGxa5tfRUM4nM root@ubuntu-bionic (ED25519)
<14>Jul 24 04:58:25 cloud-init: 2048 SHA256:5/p6Q+LlN6BShaC84WJJ74K/2cIDHELyqkl2Z1FcpsM root@ubuntu-bionic (RSA)
<14>Jul 24 04:58:25 cloud-init: -----END SSH HOST KEY FINGERPRINTS-----
<14>Jul 24 04:58:25 cloud-init: #############################################################
-----BEGIN SSH HOST KEY KEYS-----
ecdsa-sha2-nistp256 AAAAE2VjZHNhLXNoYTItbmlzdHAyNTYAAAAIbmlzdHAyNTYAAABBBAvWs9XMvYkB/Dbfhechcx9A+8mE+2h7UR4O7xadqlJHe4YnGrkZdot031kb434jjOGSKw5dLM1puv35yyGBwOc= root@ubuntu-bionic
ssh-ed25519 AAAAC3NzaC1lZDI1NTE5AAAAIJpycWvRpDpH1VYpAsh9TJGN0iQ0++QW7aLTYTXYYotp root@ubuntu-bionic
ssh-rsa AAAAB3NzaC1yc2EAAAADAQABAAABAQDAr9vI1nmC16WlVnNJ1iXUKvGrnGlmUVFQJGT8jzRuz25W42lX/1aRichd8En5eUT7/h0mvD1buUDgbRNSY5U6aKssZZkPBWqsfZ/G5qbDwW6D9zS/iSvTsaahfLtOjPbqDRmC86ItyKcZXzT18MR0KtsZ5lWUvbStLrwnrxTegPRsbogAKaDGFI2y08muBPz7bU3bjWE9C6I+Z7cBfe/7MxIjr5XPH55JG6Y6nybnxq5bvKm4J/o88hgfEXWOpjS0lFijSTGs+9DMdBJvsC6nSGitcPz9y2Z3d+Dr69T3WxDpT7aEwfdaEimlQm+oqMCWQ/A9HgMilO8WqECSmu3Z root@ubuntu-bionic
-----END SSH HOST KEY KEYS-----
[   31.202717] cloud-init[1691]: Cloud-init v. 23.1.2-0ubuntu0~18.04.1 running 'modules:final' at Thu, 24 Jul 2025 04:58:24 +0000. Up 30.79 seconds.
[   31.202891] cloud-init[1691]: Cloud-init v. 23.1.2-0ubuntu0~18.04.1 finished at Thu, 24 Jul 2025 04:58:25 +0000. Datasource DataSourceNoCloud [seed=/dev/sdb][dsmode=net].  Up 31.18 seconds
